status: optimal
expected value of downtime[s] 89.55522208235523
proportion of layers for each node [[0.33333333 0.33333333 0.33333333 0.33333333 0.33333333 0.33333333
  0.33333333 0.33333333 0.33333333 0.33333333 0.33333333 0.33333333
  0.33333333 0.33333333 0.33333333 0.33333333 0.33333333 0.33333333
  0.33333333 0.33333333 0.33333333 0.33333333 0.33333333 0.33333333
  0.33333333 0.33333333 0.33333333 0.33333333 0.33333333 0.33333333
  0.33333333 0.33333333 0.33333333 0.33333333 0.33333333 0.33333333]
 [0.33333333 0.33333333 0.33333333 0.33333333 0.33333333 0.33333333
  0.33333333 0.33333333 0.33333333 0.33333333 0.33333333 0.33333333
  0.33333333 0.33333333 0.33333333 0.33333333 0.33333333 0.33333333
  0.33333333 0.33333333 0.33333333 0.33333333 0.33333333 0.33333333
  0.33333333 0.33333333 0.33333333 0.33333333 0.33333333 0.33333333
  0.33333333 0.33333333 0.33333333 0.33333333 0.33333333 0.33333333]
 [0.33333333 0.33333333 0.33333333 0.33333333 0.33333333 0.33333333
  0.33333333 0.33333333 0.33333333 0.33333333 0.33333333 0.33333333
  0.33333333 0.33333333 0.33333333 0.33333333 0.33333333 0.33333333
  0.33333333 0.33333333 0.33333333 0.33333333 0.33333333 0.33333333
  0.33333333 0.33333333 0.33333333 0.33333333 0.33333333 0.33333333
  0.33333333 0.33333333 0.33333333 0.33333333 0.33333333 0.33333333]
 [0.33333333 0.33333333 0.33333333 0.33333333 0.33333333 0.33333333
  0.33333333 0.33333333 0.33333333 0.33333333 0.33333333 0.33333333
  0.33333333 0.33333333 0.33333333 0.33333333 0.33333333 0.33333333
  0.33333333 0.33333333 0.33333333 0.33333333 0.33333333 0.33333333
  0.33333333 0.33333333 0.33333333 0.33333333 0.33333333 0.33333333
  0.33333333 0.33333333 0.33333333 0.33333333 0.33333333 0.33333333]]
downtime for each node's crash[s] [44.77761104 44.77761104 44.77761104 44.77761104]
occupied disk space for each node [2.33216724e+10 2.33216724e+10 2.33216724e+10 2.33216724e+10]
